
> giffgaff-esim-qr-frontend@0.1.0 dev
> vite --host 0.0.0.0 --host 0.0.0.0 --port 5174


  [32m[1mVITE[22m v6.4.3[39m  [2mready in [0m[1m679[22m[2m[0m ms[22m

  [32m➜[39m  [1mLocal[22m:   [36mhttp://localhost:[1m5174[22m/[39m
  [32m➜[39m  [1mNetwork[22m: [36mhttp://198.18.0.1:[1m5174[22m/[39m
  [32m➜[39m  [1mNetwork[22m: [36mhttp://172.19.128.1:[1m5174[22m/[39m
  [32m➜[39m  [1mNetwork[22m: [36mhttp://172.26.128.1:[1m5174[22m/[39m
  [32m➜[39m  [1mNetwork[22m: [36mhttp://192.168.30.217:[1m5174[22m/[39m
[2m23:24:38[22m [36m[1m[vite][22m[39m [90m[2m(client)[22m[39m [32mhmr update [39m[2m/src/styles.css, /src/views/HomeView.vue[22m
[2m23:24:38[22m [36m[1m[vite][22m[39m [90m[2m(client)[22m[39m [32mhmr update [39m[2m/src/styles.css, /src/views/HomeView.vue[22m
[2m23:31:25[22m [36m[1m[vite][22m[39m [90m[2m(client)[22m[39m [32mhmr update [39m[2m/src/styles.css, /src/views/HomeView.vue[22m
[2m23:31:26[22m [36m[1m[vite][22m[39m [90m[2m(client)[22m[39m [32mhmr update [39m[2m/src/views/HomeView.vue, /src/styles.css[22m
[2m23:31:33[22m [36m[1m[vite][22m[39m [90m[2m(client)[22m[39m [32mhmr update [39m[2m/src/styles.css, /src/views/HomeView.vue[22m
[2m23:33:27[22m [36m[1m[vite][22m[39m [90m[2m(client)[22m[39m [32mhmr update [39m[2m/src/styles.css, /src/views/HomeView.vue[22m
[2m23:33:27[22m [36m[1m[vite][22m[39m [90m[2m(client)[22m[39m [32mhmr update [39m[2m/src/views/HomeView.vue, /src/styles.css[22m
[2m23:55:23[22m [36m[1m[vite][22m[39m [90m[2m(client)[22m[39m [32mhmr update [39m[2m/src/styles.css, /src/views/HomeView.vue[22m
[2m23:55:35[22m [36m[1m[vite][22m[39m [90m[2m(client)[22m[39m [32mhmr update [39m[2m/src/styles.css, /src/views/HomeView.vue[22m
[2m23:56:26[22m [36m[1m[vite][22m[39m [90m[2m(client)[22m[39m [32mhmr update [39m[2m/src/views/HomeView.vue, /src/styles.css[22m
[2m00:02:24[22m [36m[1m[vite][22m[39m [90m[2m(client)[22m[39m [32mhmr update [39m[2m/src/styles.css, /src/views/HomeView.vue[22m
[2m00:02:30[22m [36m[1m[vite][22m[39m [90m[2m(client)[22m[39m [32mhmr update [39m[2m/src/views/HomeView.vue, /src/styles.css[22m
[2m00:23:14[22m [36m[1m[vite][22m[39m [90m[2m(client)[22m[39m [32mhmr update [39m[2m/src/styles.css, /src/views/HomeView.vue[22m
[2m00:23:28[22m [36m[1m[vite][22m[39m [90m[2m(client)[22m[39m [32mhmr update [39m[2m/src/styles.css, /src/views/HomeView.vue[22m
[2m00:23:47[22m [36m[1m[vite][22m[39m [90m[2m(client)[22m[39m [32mhmr update [39m[2m/src/views/HomeView.vue, /src/styles.css[22m
[2m00:25:04[22m [36m[1m[vite][22m[39m [90m[2m(client)[22m[39m [32mhmr update [39m[2m/src/views/HomeView.vue, /src/styles.css[22m
[2m00:25:13[22m [36m[1m[vite][22m[39m [90m[2m(client)[22m[39m [32mhmr update [39m[2m/src/views/HomeView.vue, /src/styles.css[22m
[2m00:31:57[22m [36m[1m[vite][22m[39m [90m[2m(client)[22m[39m [32mhmr update [39m[2m/src/styles.css, /src/views/HomeView.vue[22m
[2m00:32:14[22m [36m[1m[vite][22m[39m [90m[2m(client)[22m[39m [32mhmr update [39m[2m/src/styles.css, /src/views/HomeView.vue[22m
[2m00:32:34[22m [36m[1m[vite][22m[39m [90m[2m(client)[22m[39m [32mhmr update [39m[2m/src/styles.css, /src/views/HomeView.vue[22m
[2m00:32:41[22m [36m[1m[vite][22m[39m [90m[2m(client)[22m[39m [32mhmr update [39m[2m/src/views/HomeView.vue, /src/styles.css[22m
[2m00:35:21[22m [36m[1m[vite][22m[39m [90m[2m(client)[22m[39m [32mhmr update [39m[2m/src/views/HomeView.vue, /src/styles.css[22m
[2m00:35:35[22m [36m[1m[vite][22m[39m [90m[2m(client)[22m[39m [32mhmr update [39m[2m/src/styles.css, /src/views/HomeView.vue[22m
[2m00:41:14[22m [36m[1m[vite][22m[39m [90m[2m(client)[22m[39m [32mhmr update [39m[2m/src/styles.css, /src/views/HomeView.vue[22m
[2m00:41:24[22m [36m[1m[vite][22m[39m [90m[2m(client)[22m[39m [32mhmr update [39m[2m/src/styles.css, /src/views/HomeView.vue[22m
[2m00:41:53[22m [36m[1m[vite][22m[39m [90m[2m(client)[22m[39m [32mhmr update [39m[2m/src/styles.css, /src/views/HomeView.vue[22m
[2m00:42:35[22m [36m[1m[vite][22m[39m [90m[2m(client)[22m[39m [32mhmr update [39m[2m/src/views/HomeView.vue, /src/styles.css[22m
